----------------------------------------------------------------
-Pin Report - Date: Fri Jun 11 23:24:01 2021 Pinchecksum: NOT-AVAILABLE
-Product: Designer
-Release: v2021.1
-Version: 2021.1.0.17
-Design Name: top
-Family: SmartFusion2
-Die: M2S150TS
-Package: 1152 FC
-----------------------------------------------------------------

Port                  |Pin |Fixed |Function                                   |Bank     |I/O Std   |Direction                      |I/O state in Flash*Freeze mode |Resistor Pull                      |I/O available in Flash*Freeze mode |Schmitt Trigger |Odt_Static    |Odt Imp (Ohm)  |Low Power Exit |Input Delay |Slew         |Pre-Emphasis      |Output Drive (mA) |Output Load (pF) |
----------------------|----|------|-------------------------------------------|---------|----------|-------------------------------|-------------------------------|-----------------------------------|-----------------------------------|----------------|--------------|---------------|---------------|------------|-------------|------------------|------------------|-----------------|
DEVRST_N               AE5  Fixed  DEVRST_N                                    ---       
GPIO_0_M2F             D26  Yes    DDRIO149PB1/FDDR_DQS2                       Bank1     LVCMOS25   Output                          TRISTATE                        None                                No                                  ---              ---            ---             ---             ---          SLOW          ---                4                  5                 
GPIO_1_M2F             F26  Yes    DDRIO150PB1/FDDR_DQ18                       Bank1     LVCMOS25   Output                          TRISTATE                        None                                No                                  ---              ---            ---             ---             ---          SLOW          ---                4                  5                 
GPIO_2_M2F             A27  Yes    DDRIO148PB1/FDDR_DM_RDQS2                   Bank1     LVCMOS25   Output                          TRISTATE                        None                                No                                  ---              ---            ---             ---             ---          SLOW          ---                4                  5                 
GPIO_3_M2F             C26  Yes    DDRIO149NB1/FDDR_DQS2_N                     Bank1     LVCMOS25   Output                          TRISTATE                        None                                No                                  ---              ---            ---             ---             ---          SLOW          ---                4                  5                 
GPIO_4_M2F             C28  Yes    DDRIO151PB1/FDDR_DQ16                       Bank1     LVCMOS25   Output                          TRISTATE                        None                                No                                  ---              ---            ---             ---             ---          SLOW          ---                4                  5                 
GPIO_5_M2F             B27  Yes    DDRIO148NB1/FDDR_DQ20                       Bank1     LVCMOS25   Output                          TRISTATE                        None                                No                                  ---              ---            ---             ---             ---          SLOW          ---                4                  5                 
GPIO_6_M2F             C27  Yes    DDRIO151NB1/FDDR_DQ17                       Bank1     LVCMOS25   Output                          TRISTATE                        None                                No                                  ---              ---            ---             ---             ---          SLOW          ---                4                  5                 
GPIO_7_M2F             E26  Yes    DDRIO150NB1/FDDR_DQ19                       Bank1     LVCMOS25   Output                          TRISTATE                        None                                No                                  ---              ---            ---             ---             ---          SLOW          ---                4                  5                 
MDDR_ADDR[0]           E6   Yes    DDRIO90NB2/MDDR_ADDR0                       Bank2     SSTL15I    Output                          TRISTATE                        None                                ---                                 ---              ---            ---             ---             ---          ---           ---                ---                5                 
MDDR_ADDR[1]           B6   Yes    DDRIO89PB2/MDDR_ADDR1                       Bank2     SSTL15I    Output                          TRISTATE                        None                                ---                                 ---              ---            ---             ---             ---          ---           ---                ---                5                 
MDDR_ADDR[2]           C6   Yes    DDRIO89NB2/MDDR_ADDR2                       Bank2     SSTL15I    Output                          TRISTATE                        None                                ---                                 ---              ---            ---             ---             ---          ---           ---                ---                5                 
MDDR_ADDR[3]           B4   Yes    DDRIO88PB2/MDDR_ADDR3                       Bank2     SSTL15I    Output                          TRISTATE                        None                                ---                                 ---              ---            ---             ---             ---          ---           ---                ---                5                 
MDDR_ADDR[4]           A5   Yes    DDRIO88NB2/MDDR_ADDR4                       Bank2     SSTL15I    Output                          TRISTATE                        None                                ---                                 ---              ---            ---             ---             ---          ---           ---                ---                5                 
MDDR_ADDR[5]           A6   Yes    DDRIO87PB2/MDDR_ADDR5                       Bank2     SSTL15I    Output                          TRISTATE                        None                                ---                                 ---              ---            ---             ---             ---          ---           ---                ---                5                 
MDDR_ADDR[6]           B5   Yes    DDRIO87NB2/MDDR_ADDR6                       Bank2     SSTL15I    Output                          TRISTATE                        None                                ---                                 ---              ---            ---             ---             ---          ---           ---                ---                5                 
MDDR_ADDR[7]           A3   Yes    DDRIO86NB2/MDDR_ADDR7                       Bank2     SSTL15I    Output                          TRISTATE                        None                                ---                                 ---              ---            ---             ---             ---          ---           ---                ---                5                 
MDDR_ADDR[8]           D3   Yes    DDRIO85PB2/MDDR_ADDR8                       Bank2     SSTL15I    Output                          TRISTATE                        None                                ---                                 ---              ---            ---             ---             ---          ---           ---                ---                5                 
MDDR_ADDR[9]           D2   Yes    DDRIO85NB2/MDDR_ADDR9                       Bank2     SSTL15I    Output                          TRISTATE                        None                                ---                                 ---              ---            ---             ---             ---          ---           ---                ---                5                 
MDDR_ADDR[10]          C2   Yes    DDRIO84PB2/MDDR_ADDR10                      Bank2     SSTL15I    Output                          TRISTATE                        None                                ---                                 ---              ---            ---             ---             ---          ---           ---                ---                5                 
MDDR_ADDR[11]          C1   Yes    DDRIO84NB2/MDDR_ADDR11                      Bank2     SSTL15I    Output                          TRISTATE                        None                                ---                                 ---              ---            ---             ---             ---          ---           ---                ---                5                 
MDDR_ADDR[12]          D4   Yes    DDRIO83PB2/MDDR_ADDR12                      Bank2     SSTL15I    Output                          TRISTATE                        None                                ---                                 ---              ---            ---             ---             ---          ---           ---                ---                5                 
MDDR_ADDR[13]          C4   Yes    DDRIO83NB2/MDDR_ADDR13                      Bank2     SSTL15I    Output                          TRISTATE                        None                                ---                                 ---              ---            ---             ---             ---          ---           ---                ---                5                 
MDDR_ADDR[14]          A2   Yes    DDRIO82PB2/MDDR_ADDR14                      Bank2     SSTL15I    Output                          TRISTATE                        None                                ---                                 ---              ---            ---             ---             ---          ---           ---                ---                5                 
MDDR_ADDR[15]          B2   Yes    DDRIO82NB2/MDDR_ADDR15                      Bank2     SSTL15I    Output                          TRISTATE                        None                                ---                                 ---              ---            ---             ---             ---          ---           ---                ---                5                 
MDDR_BA[0]             E5   Yes    DDRIO91PB2/MDDR_BA0                         Bank2     SSTL15I    Output                          TRISTATE                        None                                ---                                 ---              ---            ---             ---             ---          ---           ---                ---                5                 
MDDR_BA[1]             F5   Yes    DDRIO91NB2/MDDR_BA1                         Bank2     SSTL15I    Output                          TRISTATE                        None                                ---                                 ---              ---            ---             ---             ---          ---           ---                ---                5                 
MDDR_BA[2]             F6   Yes    DDRIO90PB2/MDDR_BA2                         Bank2     SSTL15I    Output                          TRISTATE                        None                                ---                                 ---              ---            ---             ---             ---          ---           ---                ---                5                 
MDDR_CAS_N             G7   Yes    DDRIO93NB2/MDDR_CAS_N                       Bank2     SSTL15I    Output                          TRISTATE                        None                                ---                                 ---              ---            ---             ---             ---          ---           ---                ---                5                 
MDDR_CKE               H8   Yes    DDRIO94PB2/MDDR_CKE                         Bank2     SSTL15I    Output                          TRISTATE                        None                                ---                                 ---              ---            ---             ---             ---          ---           ---                ---                5                 
MDDR_CLK               C5   Yes    DDRIO92PB2/MDDR_CLK                         Bank2     SSTL15I    Output                          TRISTATE                        None                                ---                                 ---              ---            ---             ---             ---          ---           ---                ---                5                 
MDDR_CLK_N             D5   Yes    DDRIO92NB2/MDDR_CLK_N                       Bank2     SSTL15I    Output                          TRISTATE                        None                                ---                                 ---              ---            ---             ---             ---          ---           ---                ---                5                 
MDDR_CS_N              J9   Yes    DDRIO94NB2/MDDR_CS_N                        Bank2     SSTL15I    Output                          TRISTATE                        None                                ---                                 ---              ---            ---             ---             ---          ---           ---                ---                5                 
MDDR_DM_RDQS[0]        F15  Yes    DDRIO116PB2/MDDR_DM_RDQS0                   Bank2     SSTL15I    Inout                           TRISTATE                        None                                ---                                 ---              Off            40              Off             Off          ---           ---                ---                5                 
MDDR_DM_RDQS[1]        F12  Yes    DDRIO110NB2/MDDR_DM_RDQS1                   Bank2     SSTL15I    Inout                           TRISTATE                        None                                ---                                 ---              Off            40              Off             Off          ---           ---                ---                5                 
MDDR_DQ[0]             A16  Yes    DDRIO119PB2/MDDR_DQ0                        Bank2     SSTL15I    Inout                           TRISTATE                        None                                ---                                 ---              Off            40              Off             Off          ---           ---                ---                5                 
MDDR_DQ[1]             B16  Yes    DDRIO119NB2/MDDR_DQ1                        Bank2     SSTL15I    Inout                           TRISTATE                        None                                ---                                 ---              Off            40              Off             Off          ---           ---                ---                5                 
MDDR_DQ[2]             C16  Yes    DDRIO118PB2/MDDR_DQ2                        Bank2     SSTL15I    Inout                           TRISTATE                        None                                ---                                 ---              Off            40              Off             Off          ---           ---                ---                5                 
MDDR_DQ[3]             D15  Yes    DDRIO118NB2/MDDR_DQ3                        Bank2     SSTL15I    Inout                           TRISTATE                        None                                ---                                 ---              Off            40              Off             Off          ---           ---                ---                5                 
MDDR_DQ[4]             E15  Yes    DDRIO116NB2/MDDR_DQ4                        Bank2     SSTL15I    Inout                           TRISTATE                        None                                ---                                 ---              Off            40              Off             Off          ---           ---                ---                5                 
MDDR_DQ[5]             A14  Yes    DDRIO115PB2/MDDR_DQ5                        Bank2     SSTL15I    Inout                           TRISTATE                        None                                ---                                 ---              Off            40              Off             Off          ---           ---                ---                5                 
MDDR_DQ[6]             B14  Yes    DDRIO115NB2/MDDR_DQ6                        Bank2     SSTL15I    Inout                           TRISTATE                        None                                ---                                 ---              Off            40              Off             Off          ---           ---                ---                5                 
MDDR_DQ[7]             F14  Yes    DDRIO114PB2/MDDR_DQ7                        Bank2     SSTL15I    Inout                           TRISTATE                        None                                ---                                 ---              Off            40              Off             Off          ---           ---                ---                5                 
MDDR_DQ[8]             C13  Yes    DDRIO113PB2/MDDR_DQ8                        Bank2     SSTL15I    Inout                           TRISTATE                        None                                ---                                 ---              Off            40              Off             Off          ---           ---                ---                5                 
MDDR_DQ[9]             D13  Yes    DDRIO113NB2/MDDR_DQ9                        Bank2     SSTL15I    Inout                           TRISTATE                        None                                ---                                 ---              Off            40              Off             Off          ---           ---                ---                5                 
MDDR_DQ[10]            A12  Yes    DDRIO112PB2/MDDR_DQ10                       Bank2     SSTL15I    Inout                           TRISTATE                        None                                ---                                 ---              Off            40              Off             Off          ---           ---                ---                5                 
MDDR_DQ[11]            B12  Yes    DDRIO112NB2/MDDR_DQ11                       Bank2     SSTL15I    Inout                           TRISTATE                        None                                ---                                 ---              Off            40              Off             Off          ---           ---                ---                5                 
MDDR_DQ[12]            D11  Yes    DDRIO109PB2/MDDR_DQ12                       Bank2     SSTL15I    Inout                           TRISTATE                        None                                ---                                 ---              Off            40              Off             Off          ---           ---                ---                5                 
MDDR_DQ[13]            E11  Yes    DDRIO109NB2/MDDR_DQ13                       Bank2     SSTL15I    Inout                           TRISTATE                        None                                ---                                 ---              Off            40              Off             Off          ---           ---                ---                5                 
MDDR_DQ[14]            F11  Yes    DDRIO108PB2/MDDR_DQ14                       Bank2     SSTL15I    Inout                           TRISTATE                        None                                ---                                 ---              Off            40              Off             Off          ---           ---                ---                5                 
MDDR_DQ[15]            F10  Yes    DDRIO108NB2/MDDR_DQ15                       Bank2     SSTL15I    Inout                           TRISTATE                        None                                ---                                 ---              Off            40              Off             Off          ---           ---                ---                5                 
MDDR_DQS[0]            C15  Yes    DDRIO117PB2/MDDR_DQS0                       Bank2     SSTL15I    Inout                           TRISTATE                        None                                ---                                 ---              Off            40              Off             Off          ---           ---                ---                5                 
MDDR_DQS[1]            C12  Yes    DDRIO111PB2/MDDR_DQS1                       Bank2     SSTL15I    Inout                           TRISTATE                        None                                ---                                 ---              Off            40              Off             Off          ---           ---                ---                5                 
MDDR_DQS_N[0]          C14  Yes    DDRIO117NB2/MDDR_DQS0_N                     Bank2     SSTL15I    Inout                           TRISTATE                        None                                ---                                 ---              Off            40              Off             Off          ---           ---                ---                5                 
MDDR_DQS_N[1]          C11  Yes    DDRIO111NB2/MDDR_DQS1_N                     Bank2     SSTL15I    Inout                           TRISTATE                        None                                ---                                 ---              Off            40              Off             Off          ---           ---                ---                5                 
MDDR_DQS_TMATCH_0_IN   F13  Yes    DDRIO110PB2/MDDR_TMATCH_0_IN                Bank2     SSTL15I    Input                           TRISTATE                        None                                ---                                 ---              Off            40              Off             Off          ---           ---                ---                ---               
MDDR_DQS_TMATCH_0_OUT  E13  Yes    DDRIO114NB2/MDDR_TMATCH_0_OUT               Bank2     SSTL15I    Output                          TRISTATE                        None                                ---                                 ---              ---            ---             ---             ---          ---           ---                ---                5                 
MDDR_ODT               B3   Yes    DDRIO86PB2/MDDR_ODT                         Bank2     SSTL15I    Output                          TRISTATE                        None                                ---                                 ---              ---            ---             ---             ---          ---           ---                ---                5                 
MDDR_RAS_N             E7   Yes    DDRIO95PB2/MDDR_RAS_N                       Bank2     SSTL15I    Output                          TRISTATE                        None                                ---                                 ---              ---            ---             ---             ---          ---           ---                ---                5                 
MDDR_RESET_N           G8   Yes    DDRIO93PB2/MDDR_RESET_N                     Bank2     SSTL15I    Output                          TRISTATE                        None                                ---                                 ---              ---            ---             ---             ---          ---           ---                ---                5                 
MDDR_WE_N              F7   Yes    DDRIO95NB2/MDDR_WE_N                        Bank2     SSTL15I    Output                          TRISTATE                        None                                ---                                 ---              ---            ---             ---             ---          ---           ---                ---                5                 
MMUART_0_RXD           H7   Yes    MSIO80PB3/MMUART_0_RXD/GPIO_28_B/USB_STP_C  Bank3     LVCMOS25   Input                           TRISTATE                        None                                No                                  Off              ---            ---             Off             Off          ---           ---                ---                ---               
MMUART_0_TXD           G5   Yes    MSIO79NB3/MMUART_0_TXD/GPIO_27_B/USB_DIR_C  Bank3     LVCMOS25   Output                          TRISTATE                        None                                No                                  ---              ---            ---             ---             ---          SLOW          ---                4                  5                 
PHY_MDC                F3   Yes    MSIO73NB3/MMUART_1_DCD/GPIO_16_B            Bank3     LVCMOS25   Output                          TRISTATE                        None                                No                                  ---              ---            ---             ---             ---          SLOW          ---                4                  5                 
PHY_MDIO               K7   Yes    MSIO72NB3/MMUART_1_DSR/GPIO_14_B            Bank3     LVCMOS25   Inout                           TRISTATE                        None                                No                                  Off              ---            ---             Off             Off          SLOW          ---                4                  5                 
PHY_RST                F2   Yes    MSIO73PB3/MMUART_1_RI/GPIO_15_B             Bank3     LVCMOS25   Output                          TRISTATE                        None                                No                                  ---              ---            ---             ---             ---          SLOW          ---                4                  5                 
REFCLK1_N              AK8  Yes    MSIOD280NB9/SERDES_3_REFCLK1_N              Bank9     LVDS       Input                           TRISTATE                        None                                No                                  Off              Off            ---             ---             Off          ---           ---                ---                ---               
REFCLK1_P              AJ8  Yes    MSIOD280PB9/SERDES_3_REFCLK1_P              Bank9     LVDS       Input                           TRISTATE                        None                                No                                  Off              Off            ---             ---             Off          ---           ---                ---                ---               
RXD0_N                 AL9  Fixed  SERDES_3_RXD0_N                             ---       
RXD0_P                 AM9  Fixed  SERDES_3_RXD0_P                             ---       
RXD1_N                 AL7  Fixed  SERDES_3_RXD1_N                             ---       
RXD1_P                 AM7  Fixed  SERDES_3_RXD1_P                             ---       
RXD2_N                 AL5  Fixed  SERDES_3_RXD2_N                             ---       
RXD2_P                 AM5  Fixed  SERDES_3_RXD2_P                             ---       
RXD3_N                 AL3  Fixed  SERDES_3_RXD3_N                             ---       
RXD3_P                 AM3  Fixed  SERDES_3_RXD3_P                             ---       
SPI_0_CLK              U12  Yes    MSIO46PB4/SPI_0_CLK/USB_XCLK_A              Bank4     LVCMOS25   Inout                           TRISTATE                        None                                No                                  Off              ---            ---             Off             Off          SLOW          ---                4                  5                 
SPI_0_DI               T12  Yes    MSIO46NB4/SPI_0_SDI/GPIO_5_A/USB_DIR_A      Bank4     LVCMOS25   Input                           TRISTATE                        None                                No                                  Off              ---            ---             Off             Off          ---           ---                ---                ---               
SPI_0_DO               K1   Yes    MSIO47PB4/SPI_0_SDO/GPIO_6_A/USB_STP_A      Bank4     LVCMOS25   Output                          TRISTATE                        None                                No                                  ---              ---            ---             ---             ---          SLOW          ---                4                  5                 
SPI_0_SS0              K2   Yes    MSIO47NB4/SPI_0_SS0/GPIO_7_A/USB_NXT_A      Bank4     LVCMOS25   Inout                           TRISTATE                        None                                No                                  Off              ---            ---             Off             Off          SLOW          ---                4                  5                 
TXD0_N                 AP8  Fixed  SERDES_3_TXD0_N                             ---       
TXD0_P                 AN8  Fixed  SERDES_3_TXD0_P                             ---       
TXD1_N                 AP6  Fixed  SERDES_3_TXD1_N                             ---       
TXD1_P                 AN6  Fixed  SERDES_3_TXD1_P                             ---       
TXD2_N                 AP4  Fixed  SERDES_3_TXD2_N                             ---       
TXD2_P                 AN4  Fixed  SERDES_3_TXD2_P                             ---       
TXD3_N                 AP2  Fixed  SERDES_3_TXD3_N                             ---       
TXD3_P                 AN2  Fixed  SERDES_3_TXD3_P                             ---       
