
Copyright (C) 1994-2021 Synopsys, Inc.
This Synopsys software and all associated documentation are proprietary to Synopsys, Inc.
and may only be used pursuant to the terms and conditions of a written license agreement
with Synopsys, Inc. All other use, reproduction, modification, or distribution of the
Synopsys software or the associated documentation is strictly prohibited.
Tool: Synplify Pro (R)
Build: R-2020.09M-SP1-1
Install: C:\Microsemi\Libero_SoC_v2021.1\SynplifyPro
OS: Windows 6.2

Hostname: HYD-LT-I53165

Implementation : synthesis

# Written on Fri Jun 11 22:57:05 2021

##### DESIGN INFO #######################################################

Top View:                "top"
Constraint File(s):      "C:\tcl_update\sf2\dg0516\516_v8\DG0516_SF2_Secure_Webserver_TCP_Demo\Libero_Project\designer\top\synthesis.fdc"




##### SUMMARY ############################################################

Found 8 issues in 8 out of 20 constraints


##### DETAILS ############################################################



Clock Relationships
*******************

Starting                                                     Ending                                                       |     rise to rise     |     fall to fall     |     rise to fall     |     fall to rise                     
-------------------------------------------------------------------------------------------------------------------------------------------------------------------------------------------------------------------------------------
Webserver_TCP_sb_0/FABOSC_0/I_RCOSC_25_50MHZ/CLKOUT          Webserver_TCP_sb_0/FABOSC_0/I_RCOSC_25_50MHZ/CLKOUT          |     20.000           |     No paths         |     No paths         |     No paths                         
Webserver_TCP_sb_0/FABOSC_0/I_RCOSC_25_50MHZ/CLKOUT          Webserver_TCP_sb_0/CCC_0/GL0                                 |     10.000           |     No paths         |     No paths         |     No paths                         
Webserver_TCP_sb_0/Webserver_TCP_sb_MSS_0/CLK_CONFIG_APB     Webserver_TCP_sb_0/Webserver_TCP_sb_MSS_0/CLK_CONFIG_APB     |     40.000           |     No paths         |     20.000           |     20.000                           
Webserver_TCP_sb_0/Webserver_TCP_sb_MSS_0/CLK_CONFIG_APB     Webserver_TCP_sb_0/CCC_0/GL0                                 |     10.000           |     No paths         |     No paths         |     No paths                         
Webserver_TCP_sb_0/Webserver_TCP_sb_MSS_0/CLK_CONFIG_APB     Webserver_TCP_sb_0/CCC_0/GL3                                 |     8.000            |     No paths         |     No paths         |     4.000                            
Webserver_TCP_sb_0/CCC_0/GL0                                 Webserver_TCP_sb_0/FABOSC_0/I_RCOSC_25_50MHZ/CLKOUT          |     10.000           |     No paths         |     No paths         |     No paths                         
Webserver_TCP_sb_0/CCC_0/GL0                                 Webserver_TCP_sb_0/Webserver_TCP_sb_MSS_0/CLK_CONFIG_APB     |     10.000           |     No paths         |     No paths         |     No paths                         
Webserver_TCP_sb_0/CCC_0/GL0                                 Webserver_TCP_sb_0/CCC_0/GL0                                 |     10.000           |     No paths         |     No paths         |     No paths                         
Webserver_TCP_sb_0/CCC_0/GL0                                 Webserver_TCP_sb_0/CCC_0/GL3                                 |     2.000            |     No paths         |     No paths         |     No paths                         
Webserver_TCP_sb_0/CCC_0/GL3                                 Webserver_TCP_sb_0/CCC_0/GL0                                 |     2.000            |     No paths         |     No paths         |     No paths                         
Webserver_TCP_sb_0/CCC_0/GL3                                 Webserver_TCP_sb_0/CCC_0/GL3                                 |     8.000            |     No paths         |     No paths         |     No paths                         
=====================================================================================================================================================================================================================================
 Note: 'No paths' indicates there are no paths in the design for that pair of clock edges.
       'Diff grp' indicates that paths exist but the starting clock and ending clock are in different clock groups.


Unconstrained Start/End Points
******************************

p:DEVRST_N
p:GPIO_0_M2F
p:GPIO_1_M2F
p:GPIO_2_M2F
p:GPIO_3_M2F
p:GPIO_4_M2F
p:GPIO_5_M2F
p:GPIO_6_M2F
p:GPIO_7_M2F
p:MDDR_ADDR[0]
p:MDDR_ADDR[1]
p:MDDR_ADDR[2]
p:MDDR_ADDR[3]
p:MDDR_ADDR[4]
p:MDDR_ADDR[5]
p:MDDR_ADDR[6]
p:MDDR_ADDR[7]
p:MDDR_ADDR[8]
p:MDDR_ADDR[9]
p:MDDR_ADDR[10]
p:MDDR_ADDR[11]
p:MDDR_ADDR[12]
p:MDDR_ADDR[13]
p:MDDR_ADDR[14]
p:MDDR_ADDR[15]
p:MDDR_BA[0]
p:MDDR_BA[1]
p:MDDR_BA[2]
p:MDDR_CAS_N
p:MDDR_CKE
p:MDDR_CLK
p:MDDR_CLK_N
p:MDDR_CS_N
p:MDDR_DM_RDQS[0] (bidir end point)
p:MDDR_DM_RDQS[0] (bidir start point)
p:MDDR_DM_RDQS[1] (bidir end point)
p:MDDR_DM_RDQS[1] (bidir start point)
p:MDDR_DQS[0] (bidir end point)
p:MDDR_DQS[0] (bidir start point)
p:MDDR_DQS[1] (bidir end point)
p:MDDR_DQS[1] (bidir start point)
p:MDDR_DQS_N[0] (bidir end point)
p:MDDR_DQS_N[0] (bidir start point)
p:MDDR_DQS_N[1] (bidir end point)
p:MDDR_DQS_N[1] (bidir start point)
p:MDDR_DQS_TMATCH_0_IN
p:MDDR_DQS_TMATCH_0_OUT
p:MDDR_DQ[0] (bidir end point)
p:MDDR_DQ[0] (bidir start point)
p:MDDR_DQ[1] (bidir end point)
p:MDDR_DQ[1] (bidir start point)
p:MDDR_DQ[2] (bidir end point)
p:MDDR_DQ[2] (bidir start point)
p:MDDR_DQ[3] (bidir end point)
p:MDDR_DQ[3] (bidir start point)
p:MDDR_DQ[4] (bidir end point)
p:MDDR_DQ[4] (bidir start point)
p:MDDR_DQ[5] (bidir end point)
p:MDDR_DQ[5] (bidir start point)
p:MDDR_DQ[6] (bidir end point)
p:MDDR_DQ[6] (bidir start point)
p:MDDR_DQ[7] (bidir end point)
p:MDDR_DQ[7] (bidir start point)
p:MDDR_DQ[8] (bidir end point)
p:MDDR_DQ[8] (bidir start point)
p:MDDR_DQ[9] (bidir end point)
p:MDDR_DQ[9] (bidir start point)
p:MDDR_DQ[10] (bidir end point)
p:MDDR_DQ[10] (bidir start point)
p:MDDR_DQ[11] (bidir end point)
p:MDDR_DQ[11] (bidir start point)
p:MDDR_DQ[12] (bidir end point)
p:MDDR_DQ[12] (bidir start point)
p:MDDR_DQ[13] (bidir end point)
p:MDDR_DQ[13] (bidir start point)
p:MDDR_DQ[14] (bidir end point)
p:MDDR_DQ[14] (bidir start point)
p:MDDR_DQ[15] (bidir end point)
p:MDDR_DQ[15] (bidir start point)
p:MDDR_ODT
p:MDDR_RAS_N
p:MDDR_RESET_N
p:MDDR_WE_N
p:MMUART_0_RXD
p:MMUART_0_TXD
p:PHY_MDC
p:PHY_MDIO (bidir end point)
p:PHY_MDIO (bidir start point)
p:PHY_RST
p:REFCLK1_N
p:REFCLK1_P
p:RXD0_N
p:RXD0_P
p:RXD1_N
p:RXD1_P
p:RXD2_N
p:RXD2_P
p:RXD3_N
p:RXD3_P
p:SPI_0_CLK (bidir end point)
p:SPI_0_CLK (bidir start point)
p:SPI_0_DI
p:SPI_0_DO
p:SPI_0_SS0 (bidir end point)
p:SPI_0_SS0 (bidir start point)
p:TXD0_N
p:TXD0_P
p:TXD1_N
p:TXD1_P
p:TXD2_N
p:TXD2_P
p:TXD3_N
p:TXD3_P


Inapplicable constraints
************************

(none)


Applicable constraints with issues
**********************************

create_generated_clock -name FCCC_0/GL0 -multiply_by 2 -divide_by 4 -source [get_pins { FCCC_0.CCC_INST.CLK0 }] [get_pins { FCCC_0.CCC_INST.GL0 }]
	@W:MT686:"c:/tcl_update/sf2/dg0516/516_v8/dg0516_sf2_secure_webserver_tcp_demo/libero_project/designer/top/synthesis.fdc":11:0:11:0|No path from master pin (-source) to source of clock FCCC_0/GL0
create_generated_clock -name FCCC_0/GL1 -invert -multiply_by 2 -divide_by 4 -source [get_pins { FCCC_0.CCC_INST.CLK0 }] [get_pins { FCCC_0.CCC_INST.GL1 }]
	@W:MT686:"c:/tcl_update/sf2/dg0516/516_v8/dg0516_sf2_secure_webserver_tcp_demo/libero_project/designer/top/synthesis.fdc":12:0:12:0|No path from master pin (-source) to source of clock FCCC_0/GL1
create_generated_clock -name FCCC_1/GL0 -multiply_by 4 -divide_by 4 -source [get_pins { FCCC_1.CCC_INST.CLK0 }] [get_pins { FCCC_1.CCC_INST.GL0 }]
	@W:MT686:"c:/tcl_update/sf2/dg0516/516_v8/dg0516_sf2_secure_webserver_tcp_demo/libero_project/designer/top/synthesis.fdc":13:0:13:0|No path from master pin (-source) to source of clock FCCC_1/GL0
create_generated_clock -name Webserver_TCP_sb_0/CCC_0/GL0 -multiply_by 20 -divide_by 10 -source [get_pins { Webserver_TCP_sb_0.CCC_0.CCC_INST.RCOSC_25_50MHZ }] [get_pins { Webserver_TCP_sb_0.CCC_0.CCC_INST.GL0 }]
	@W:MT686:"c:/tcl_update/sf2/dg0516/516_v8/dg0516_sf2_secure_webserver_tcp_demo/libero_project/designer/top/synthesis.fdc":14:0:14:0|No path from master pin (-source) to source of clock Webserver_TCP_sb_0/CCC_0/GL0
create_generated_clock -name Webserver_TCP_sb_0/CCC_0/GL3 -multiply_by 20 -divide_by 8 -source [get_pins { Webserver_TCP_sb_0.CCC_0.CCC_INST.RCOSC_25_50MHZ }] [get_pins { Webserver_TCP_sb_0.CCC_0.CCC_INST.GL3 }]
	@W:MT686:"c:/tcl_update/sf2/dg0516/516_v8/dg0516_sf2_secure_webserver_tcp_demo/libero_project/designer/top/synthesis.fdc":15:0:15:0|No path from master pin (-source) to source of clock Webserver_TCP_sb_0/CCC_0/GL3
set_false_path -through [get_pins { Webserver_TCP_sb_0.Webserver_TCP_sb_MSS_0.MSS_ADLIB_INST.CONFIG_PRESET_N }]
	@W::"c:/tcl_update/sf2/dg0516/516_v8/dg0516_sf2_secure_webserver_tcp_demo/libero_project/designer/top/synthesis.fdc":23:0:23:0|Timing constraint (through [get_pins { Webserver_TCP_sb_0.Webserver_TCP_sb_MSS_0.MSS_ADLIB_INST.CONFIG_PRESET_N }]) (false path) was not applied to the design because none of the paths specified by the constraint exist in the design
set_max_delay 0 -through [get_nets { Webserver_TCP_sb_0.CORECONFIGP_0.FIC_2_APB_M_PSEL Webserver_TCP_sb_0.CORECONFIGP_0.FIC_2_APB_M_PENABLE }] -to [get_cells { Webserver_TCP_sb_0.CORECONFIGP_0.FIC_2_APB_M_PREADY* Webserver_TCP_sb_0.CORECONFIGP_0.state[0] }]
	@W::"c:/tcl_update/sf2/dg0516/516_v8/dg0516_sf2_secure_webserver_tcp_demo/libero_project/designer/top/synthesis.fdc":25:0:25:0|Timing constraint (through [get_nets { Webserver_TCP_sb_0.CORECONFIGP_0.FIC_2_APB_M_PSEL Webserver_TCP_sb_0.CORECONFIGP_0.FIC_2_APB_M_PENABLE }] to [get_cells { Webserver_TCP_sb_0.CORECONFIGP_0.FIC_2_APB_M_PREADY* Webserver_TCP_sb_0.CORECONFIGP_0.state[0] }]) (max delay 0.000000) was not applied to the design because none of the paths specified by the constraint exist in the design
set_min_delay -24 -through [get_nets { Webserver_TCP_sb_0.CORECONFIGP_0.FIC_2_APB_M_PWRITE Webserver_TCP_sb_0.CORECONFIGP_0.FIC_2_APB_M_PADDR[*] Webserver_TCP_sb_0.CORECONFIGP_0.FIC_2_APB_M_PWDATA[*] Webserver_TCP_sb_0.CORECONFIGP_0.FIC_2_APB_M_PSEL Webserver_TCP_sb_0.CORECONFIGP_0.FIC_2_APB_M_PENABLE }]
	@W::"c:/tcl_update/sf2/dg0516/516_v8/dg0516_sf2_secure_webserver_tcp_demo/libero_project/designer/top/synthesis.fdc":26:0:26:0|Timing constraint (through [get_nets { Webserver_TCP_sb_0.CORECONFIGP_0.FIC_2_APB_M_PWRITE Webserver_TCP_sb_0.CORECONFIGP_0.FIC_2_APB_M_PADDR[*] Webserver_TCP_sb_0.CORECONFIGP_0.FIC_2_APB_M_PWDATA[*] Webserver_TCP_sb_0.CORECONFIGP_0.FIC_2_APB_M_PSEL Webserver_TCP_sb_0.CORECONFIGP_0.FIC_2_APB_M_PENABLE }]) (min delay -24.000000) was not applied to the design because none of the paths specified by the constraint exist in the design

Constraints with matching wildcard expressions
**********************************************

set_false_path -from [get_cells { Webserver_TCP_sb_0.CORERESETP_0.MSS_HPMS_READY_int Webserver_TCP_sb_0.CORERESETP_0.SDIF*_PERST_N_re }] -to [get_cells { Webserver_TCP_sb_0.CORERESETP_0.sdif*_areset_n_rcosc* }]
	@N:MF891:"c:/tcl_update/sf2/dg0516/516_v8/dg0516_sf2_secure_webserver_tcp_demo/libero_project/designer/top/synthesis.fdc":19:0:19:0|expression "[get_cells { Webserver_TCP_sb_0.CORERESETP_0.MSS_HPMS_READY_int Webserver_TCP_sb_0.CORERESETP_0.SDIF*_PERST_N_re }]" applies to objects:
		Webserver_TCP_sb_0.CORERESETP_0.MSS_HPMS_READY_int
	@N:MF891:"c:/tcl_update/sf2/dg0516/516_v8/dg0516_sf2_secure_webserver_tcp_demo/libero_project/designer/top/synthesis.fdc":19:0:19:0|expression "[get_cells { Webserver_TCP_sb_0.CORERESETP_0.sdif*_areset_n_rcosc* }]" applies to objects:
		Webserver_TCP_sb_0.CORERESETP_0.sdif0_areset_n_rcosc
		Webserver_TCP_sb_0.CORERESETP_0.sdif0_areset_n_rcosc_arst
		Webserver_TCP_sb_0.CORERESETP_0.sdif0_areset_n_rcosc_arst_i
		Webserver_TCP_sb_0.CORERESETP_0.sdif0_areset_n_rcosc_q1
		Webserver_TCP_sb_0.CORERESETP_0.sdif1_areset_n_rcosc
		Webserver_TCP_sb_0.CORERESETP_0.sdif1_areset_n_rcosc_arst
		Webserver_TCP_sb_0.CORERESETP_0.sdif1_areset_n_rcosc_arst_i
		Webserver_TCP_sb_0.CORERESETP_0.sdif1_areset_n_rcosc_q1
		Webserver_TCP_sb_0.CORERESETP_0.sdif2_areset_n_rcosc
		Webserver_TCP_sb_0.CORERESETP_0.sdif2_areset_n_rcosc_arst
		Webserver_TCP_sb_0.CORERESETP_0.sdif2_areset_n_rcosc_arst_i
		Webserver_TCP_sb_0.CORERESETP_0.sdif2_areset_n_rcosc_q1
		Webserver_TCP_sb_0.CORERESETP_0.sdif3_areset_n_rcosc
		Webserver_TCP_sb_0.CORERESETP_0.sdif3_areset_n_rcosc_arst
		Webserver_TCP_sb_0.CORERESETP_0.sdif3_areset_n_rcosc_arst_i
		Webserver_TCP_sb_0.CORERESETP_0.sdif3_areset_n_rcosc_q1
set_false_path -through [get_nets { Webserver_TCP_sb_0.CORERESETP_0.*sdif*_phr.hot_reset_n Webserver_TCP_sb_0.CORERESETP_0.*sdif*_phr.sdif_core_reset_n_0 }]
	@N:MF891:"c:/tcl_update/sf2/dg0516/516_v8/dg0516_sf2_secure_webserver_tcp_demo/libero_project/designer/top/synthesis.fdc":20:0:20:0|expression "[get_nets { Webserver_TCP_sb_0.CORERESETP_0.*sdif*_phr.hot_reset_n Webserver_TCP_sb_0.CORERESETP_0.*sdif*_phr.sdif_core_reset_n_0 }]" applies to objects:
		Webserver_TCP_sb_0.CORERESETP_0.genblk5\.sdif3_phr.hot_reset_n
		Webserver_TCP_sb_0.CORERESETP_0.genblk5\.sdif3_phr.sdif_core_reset_n_0
set_false_path -through [get_nets { Webserver_TCP_sb_0.CORERESETP_0.CONFIG1_DONE Webserver_TCP_sb_0.CORERESETP_0.CONFIG2_DONE Webserver_TCP_sb_0.CORERESETP_0.SDIF*_PERST_N Webserver_TCP_sb_0.CORERESETP_0.SDIF*_PSEL Webserver_TCP_sb_0.CORERESETP_0.SDIF*_PWRITE Webserver_TCP_sb_0.CORERESETP_0.SDIF*_PRDATA[*] Webserver_TCP_sb_0.CORERESETP_0.SOFT_EXT_RESET_OUT Webserver_TCP_sb_0.CORERESETP_0.SOFT_RESET_F2M Webserver_TCP_sb_0.CORERESETP_0.SOFT_M3_RESET Webserver_TCP_sb_0.CORERESETP_0.SOFT_MDDR_DDR_AXI_S_CORE_RESET Webserver_TCP_sb_0.CORERESETP_0.SOFT_FDDR_CORE_RESET Webserver_TCP_sb_0.CORERESETP_0.SOFT_SDIF*_PHY_RESET Webserver_TCP_sb_0.CORERESETP_0.SOFT_SDIF*_CORE_RESET Webserver_TCP_sb_0.CORERESETP_0.SOFT_SDIF0_0_CORE_RESET Webserver_TCP_sb_0.CORERESETP_0.SOFT_SDIF0_1_CORE_RESET }]
	@N:MF891:"c:/tcl_update/sf2/dg0516/516_v8/dg0516_sf2_secure_webserver_tcp_demo/libero_project/designer/top/synthesis.fdc":22:0:22:0|expression "[get_nets { Webserver_TCP_sb_0.CORERESETP_0.CONFIG1_DONE Webserver_TCP_sb_0.CORERESETP_0.CONFIG2_DONE Webserver_TCP_sb_0.CORERESETP_0.SDIF*_PERST_N Webserver_TCP_sb_0.CORERESETP_0.SDIF*_PSEL Webserver_TCP_sb_0.CORERESETP_0.SDIF*_PWRITE Webserver_TCP_sb_0.CORERESETP_0.SDIF*_PRDATA[*] Webserver_TCP_sb_0.CORERESETP_0.SOFT_EXT_RESET_OUT Webserver_TCP_sb_0.CORERESETP_0.SOFT_RESET_F2M Webserver_TCP_sb_0.CORERESETP_0.SOFT_M3_RESET Webserver_TCP_sb_0.CORERESETP_0.SOFT_MDDR_DDR_AXI_S_CORE_RESET Webserver_TCP_sb_0.CORERESETP_0.SOFT_FDDR_CORE_RESET Webserver_TCP_sb_0.CORERESETP_0.SOFT_SDIF*_PHY_RESET Webserver_TCP_sb_0.CORERESETP_0.SOFT_SDIF*_CORE_RESET Webserver_TCP_sb_0.CORERESETP_0.SOFT_SDIF0_0_CORE_RESET Webserver_TCP_sb_0.CORERESETP_0.SOFT_SDIF0_1_CORE_RESET }]" applies to objects:
		Webserver_TCP_sb_0.CORERESETP_0.CONFIG1_DONE
		Webserver_TCP_sb_0.CORERESETP_0.CONFIG2_DONE
		Webserver_TCP_sb_0.CORERESETP_0.SDIF0_PRDATA[0]
		Webserver_TCP_sb_0.CORERESETP_0.SDIF0_PRDATA[1]
		Webserver_TCP_sb_0.CORERESETP_0.SDIF0_PRDATA[2]
		Webserver_TCP_sb_0.CORERESETP_0.SDIF0_PRDATA[3]
		Webserver_TCP_sb_0.CORERESETP_0.SDIF0_PRDATA[4]
		Webserver_TCP_sb_0.CORERESETP_0.SDIF0_PRDATA[5]
		Webserver_TCP_sb_0.CORERESETP_0.SDIF0_PRDATA[6]
		Webserver_TCP_sb_0.CORERESETP_0.SDIF0_PRDATA[7]
		Webserver_TCP_sb_0.CORERESETP_0.SDIF0_PRDATA[8]
		Webserver_TCP_sb_0.CORERESETP_0.SDIF0_PRDATA[9]
		Webserver_TCP_sb_0.CORERESETP_0.SDIF0_PRDATA[10]
		Webserver_TCP_sb_0.CORERESETP_0.SDIF0_PRDATA[11]
		Webserver_TCP_sb_0.CORERESETP_0.SDIF0_PRDATA[12]
		Webserver_TCP_sb_0.CORERESETP_0.SDIF0_PRDATA[13]
		Webserver_TCP_sb_0.CORERESETP_0.SDIF0_PRDATA[14]
		Webserver_TCP_sb_0.CORERESETP_0.SDIF0_PRDATA[15]
		Webserver_TCP_sb_0.CORERESETP_0.SDIF0_PRDATA[16]
		Webserver_TCP_sb_0.CORERESETP_0.SDIF0_PRDATA[17]
		Webserver_TCP_sb_0.CORERESETP_0.SDIF0_PRDATA[18]
		Webserver_TCP_sb_0.CORERESETP_0.SDIF0_PRDATA[19]
		Webserver_TCP_sb_0.CORERESETP_0.SDIF0_PRDATA[20]
		Webserver_TCP_sb_0.CORERESETP_0.SDIF0_PRDATA[21]
		Webserver_TCP_sb_0.CORERESETP_0.SDIF0_PRDATA[22]
		Webserver_TCP_sb_0.CORERESETP_0.SDIF0_PRDATA[23]
		Webserver_TCP_sb_0.CORERESETP_0.SDIF0_PRDATA[24]
		Webserver_TCP_sb_0.CORERESETP_0.SDIF0_PRDATA[25]
		Webserver_TCP_sb_0.CORERESETP_0.SDIF0_PRDATA[26]
		Webserver_TCP_sb_0.CORERESETP_0.SDIF0_PRDATA[27]
		Webserver_TCP_sb_0.CORERESETP_0.SDIF0_PRDATA[28]
		Webserver_TCP_sb_0.CORERESETP_0.SDIF0_PRDATA[29]
		Webserver_TCP_sb_0.CORERESETP_0.SDIF0_PRDATA[30]
		Webserver_TCP_sb_0.CORERESETP_0.SDIF0_PRDATA[31]
		Webserver_TCP_sb_0.CORERESETP_0.SDIF0_PSEL
		Webserver_TCP_sb_0.CORERESETP_0.SDIF0_PWRITE
		Webserver_TCP_sb_0.CORERESETP_0.SOFT_M3_RESET
		Webserver_TCP_sb_0.CORERESETP_0.SOFT_RESET_F2M
		Webserver_TCP_sb_0.CORERESETP_0.SOFT_SDIF3_CORE_RESET
		Webserver_TCP_sb_0.CORERESETP_0.SOFT_SDIF3_PHY_RESET
set_false_path -through [get_nets { Webserver_TCP_sb_0.CORERESETP_0.ddr_settled Webserver_TCP_sb_0.CORERESETP_0.count_ddr_enable Webserver_TCP_sb_0.CORERESETP_0.release_sdif*_core Webserver_TCP_sb_0.CORERESETP_0.count_sdif*_enable }]
	@N:MF891:"c:/tcl_update/sf2/dg0516/516_v8/dg0516_sf2_secure_webserver_tcp_demo/libero_project/designer/top/synthesis.fdc":17:0:17:0|expression "[get_nets { Webserver_TCP_sb_0.CORERESETP_0.ddr_settled Webserver_TCP_sb_0.CORERESETP_0.count_ddr_enable Webserver_TCP_sb_0.CORERESETP_0.release_sdif*_core Webserver_TCP_sb_0.CORERESETP_0.count_sdif*_enable }]" applies to objects:
		Webserver_TCP_sb_0.CORERESETP_0.count_ddr_enable
		Webserver_TCP_sb_0.CORERESETP_0.count_sdif3_enable
		Webserver_TCP_sb_0.CORERESETP_0.ddr_settled
		Webserver_TCP_sb_0.CORERESETP_0.release_sdif0_core
		Webserver_TCP_sb_0.CORERESETP_0.release_sdif1_core
		Webserver_TCP_sb_0.CORERESETP_0.release_sdif2_core
		Webserver_TCP_sb_0.CORERESETP_0.release_sdif3_core
set_false_path -to [get_cells { Webserver_TCP_sb_0.CORERESETP_0.*sdif*_phr.ltssm_q1[*] Webserver_TCP_sb_0.CORERESETP_0.*sdif*_phr.psel_q1 Webserver_TCP_sb_0.CORERESETP_0.*sdif*_phr.pwrite_q1 }]
	@N:MF891:"c:/tcl_update/sf2/dg0516/516_v8/dg0516_sf2_secure_webserver_tcp_demo/libero_project/designer/top/synthesis.fdc":21:0:21:0|expression "[get_cells { Webserver_TCP_sb_0.CORERESETP_0.*sdif*_phr.ltssm_q1[*] Webserver_TCP_sb_0.CORERESETP_0.*sdif*_phr.psel_q1 Webserver_TCP_sb_0.CORERESETP_0.*sdif*_phr.pwrite_q1 }]" applies to objects:
		Webserver_TCP_sb_0.CORERESETP_0.genblk5\.sdif3_phr.ltssm_q1[0]
		Webserver_TCP_sb_0.CORERESETP_0.genblk5\.sdif3_phr.ltssm_q1[1]
		Webserver_TCP_sb_0.CORERESETP_0.genblk5\.sdif3_phr.ltssm_q1[2]
		Webserver_TCP_sb_0.CORERESETP_0.genblk5\.sdif3_phr.ltssm_q1[3]
		Webserver_TCP_sb_0.CORERESETP_0.genblk5\.sdif3_phr.ltssm_q1[4]
		Webserver_TCP_sb_0.CORERESETP_0.genblk5\.sdif3_phr.psel_q1
		Webserver_TCP_sb_0.CORERESETP_0.genblk5\.sdif3_phr.pwrite_q1
set_max_delay 0 -through [get_nets { Webserver_TCP_sb_0.CORECONFIGP_0.FIC_2_APB_M_PSEL Webserver_TCP_sb_0.CORECONFIGP_0.FIC_2_APB_M_PENABLE }] -to [get_cells { Webserver_TCP_sb_0.CORECONFIGP_0.FIC_2_APB_M_PREADY* Webserver_TCP_sb_0.CORECONFIGP_0.state[0] }]
	@N:MF891:"c:/tcl_update/sf2/dg0516/516_v8/dg0516_sf2_secure_webserver_tcp_demo/libero_project/designer/top/synthesis.fdc":25:0:25:0|expression "[get_cells { Webserver_TCP_sb_0.CORECONFIGP_0.FIC_2_APB_M_PREADY* Webserver_TCP_sb_0.CORECONFIGP_0.state[0] }]" applies to objects:
		Webserver_TCP_sb_0.CORECONFIGP_0.FIC_2_APB_M_PREADY
		Webserver_TCP_sb_0.CORECONFIGP_0.state[0]
set_min_delay -24 -through [get_nets { Webserver_TCP_sb_0.CORECONFIGP_0.FIC_2_APB_M_PWRITE Webserver_TCP_sb_0.CORECONFIGP_0.FIC_2_APB_M_PADDR[*] Webserver_TCP_sb_0.CORECONFIGP_0.FIC_2_APB_M_PWDATA[*] Webserver_TCP_sb_0.CORECONFIGP_0.FIC_2_APB_M_PSEL Webserver_TCP_sb_0.CORECONFIGP_0.FIC_2_APB_M_PENABLE }]
	@N:MF891:"c:/tcl_update/sf2/dg0516/516_v8/dg0516_sf2_secure_webserver_tcp_demo/libero_project/designer/top/synthesis.fdc":26:0:26:0|expression "[get_nets { Webserver_TCP_sb_0.CORECONFIGP_0.FIC_2_APB_M_PWRITE Webserver_TCP_sb_0.CORECONFIGP_0.FIC_2_APB_M_PADDR[*] Webserver_TCP_sb_0.CORECONFIGP_0.FIC_2_APB_M_PWDATA[*] Webserver_TCP_sb_0.CORECONFIGP_0.FIC_2_APB_M_PSEL Webserver_TCP_sb_0.CORECONFIGP_0.FIC_2_APB_M_PENABLE }]" applies to objects:
		Webserver_TCP_sb_0.CORECONFIGP_0.FIC_2_APB_M_PADDR[2]
		Webserver_TCP_sb_0.CORECONFIGP_0.FIC_2_APB_M_PADDR[3]
		Webserver_TCP_sb_0.CORECONFIGP_0.FIC_2_APB_M_PADDR[4]
		Webserver_TCP_sb_0.CORECONFIGP_0.FIC_2_APB_M_PADDR[5]
		Webserver_TCP_sb_0.CORECONFIGP_0.FIC_2_APB_M_PADDR[6]
		Webserver_TCP_sb_0.CORECONFIGP_0.FIC_2_APB_M_PADDR[7]
		Webserver_TCP_sb_0.CORECONFIGP_0.FIC_2_APB_M_PADDR[8]
		Webserver_TCP_sb_0.CORECONFIGP_0.FIC_2_APB_M_PADDR[9]
		Webserver_TCP_sb_0.CORECONFIGP_0.FIC_2_APB_M_PADDR[10]
		Webserver_TCP_sb_0.CORECONFIGP_0.FIC_2_APB_M_PADDR[11]
		Webserver_TCP_sb_0.CORECONFIGP_0.FIC_2_APB_M_PADDR[12]
		Webserver_TCP_sb_0.CORECONFIGP_0.FIC_2_APB_M_PADDR[13]
		Webserver_TCP_sb_0.CORECONFIGP_0.FIC_2_APB_M_PADDR[14]
		Webserver_TCP_sb_0.CORECONFIGP_0.FIC_2_APB_M_PADDR[15]
		Webserver_TCP_sb_0.CORECONFIGP_0.FIC_2_APB_M_PADDR[16]
		Webserver_TCP_sb_0.CORECONFIGP_0.FIC_2_APB_M_PENABLE
		Webserver_TCP_sb_0.CORECONFIGP_0.FIC_2_APB_M_PSEL
		Webserver_TCP_sb_0.CORECONFIGP_0.FIC_2_APB_M_PWDATA[0]
		Webserver_TCP_sb_0.CORECONFIGP_0.FIC_2_APB_M_PWDATA[1]
		Webserver_TCP_sb_0.CORECONFIGP_0.FIC_2_APB_M_PWDATA[2]
		Webserver_TCP_sb_0.CORECONFIGP_0.FIC_2_APB_M_PWDATA[3]
		Webserver_TCP_sb_0.CORECONFIGP_0.FIC_2_APB_M_PWDATA[4]
		Webserver_TCP_sb_0.CORECONFIGP_0.FIC_2_APB_M_PWDATA[5]
		Webserver_TCP_sb_0.CORECONFIGP_0.FIC_2_APB_M_PWDATA[6]
		Webserver_TCP_sb_0.CORECONFIGP_0.FIC_2_APB_M_PWDATA[7]
		Webserver_TCP_sb_0.CORECONFIGP_0.FIC_2_APB_M_PWDATA[8]
		Webserver_TCP_sb_0.CORECONFIGP_0.FIC_2_APB_M_PWDATA[9]
		Webserver_TCP_sb_0.CORECONFIGP_0.FIC_2_APB_M_PWDATA[10]
		Webserver_TCP_sb_0.CORECONFIGP_0.FIC_2_APB_M_PWDATA[11]
		Webserver_TCP_sb_0.CORECONFIGP_0.FIC_2_APB_M_PWDATA[12]
		Webserver_TCP_sb_0.CORECONFIGP_0.FIC_2_APB_M_PWDATA[13]
		Webserver_TCP_sb_0.CORECONFIGP_0.FIC_2_APB_M_PWDATA[14]
		Webserver_TCP_sb_0.CORECONFIGP_0.FIC_2_APB_M_PWDATA[15]
		Webserver_TCP_sb_0.CORECONFIGP_0.FIC_2_APB_M_PWDATA[16]
		Webserver_TCP_sb_0.CORECONFIGP_0.FIC_2_APB_M_PWDATA[17]
		Webserver_TCP_sb_0.CORECONFIGP_0.FIC_2_APB_M_PWDATA[18]
		Webserver_TCP_sb_0.CORECONFIGP_0.FIC_2_APB_M_PWDATA[19]
		Webserver_TCP_sb_0.CORECONFIGP_0.FIC_2_APB_M_PWDATA[20]
		Webserver_TCP_sb_0.CORECONFIGP_0.FIC_2_APB_M_PWDATA[21]
		Webserver_TCP_sb_0.CORECONFIGP_0.FIC_2_APB_M_PWDATA[22]
		Webserver_TCP_sb_0.CORECONFIGP_0.FIC_2_APB_M_PWDATA[23]
		Webserver_TCP_sb_0.CORECONFIGP_0.FIC_2_APB_M_PWDATA[24]
		Webserver_TCP_sb_0.CORECONFIGP_0.FIC_2_APB_M_PWDATA[25]
		Webserver_TCP_sb_0.CORECONFIGP_0.FIC_2_APB_M_PWDATA[26]
		Webserver_TCP_sb_0.CORECONFIGP_0.FIC_2_APB_M_PWDATA[27]
		Webserver_TCP_sb_0.CORECONFIGP_0.FIC_2_APB_M_PWDATA[28]
		Webserver_TCP_sb_0.CORECONFIGP_0.FIC_2_APB_M_PWDATA[29]
		Webserver_TCP_sb_0.CORECONFIGP_0.FIC_2_APB_M_PWDATA[30]
		Webserver_TCP_sb_0.CORECONFIGP_0.FIC_2_APB_M_PWDATA[31]
		Webserver_TCP_sb_0.CORECONFIGP_0.FIC_2_APB_M_PWRITE

Library Report
**************


# End of Constraint Checker Report
