
Copyright (C) 1994-2021 Synopsys, Inc.
This Synopsys software and all associated documentation are proprietary to Synopsys, Inc.
and may only be used pursuant to the terms and conditions of a written license agreement
with Synopsys, Inc. All other use, reproduction, modification, or distribution of the
Synopsys software or the associated documentation is strictly prohibited.
Tool: Synplify Pro (R)
Build: R-2020.09M-SP1-1
Install: C:\Microsemi\Libero_SoC_v2021.1\SynplifyPro
OS: Windows 6.2

Hostname: HYD-LT-I53165

Implementation : synthesis
Synopsys HDL compiler and linker, Version comp202009synp2, Build 147R, Built Mar 17 2021 10:14:42, @

Modified Files: 31
FID:  path (prevtimestamp, timestamp)
0        C:\Microsemi\Libero_SoC_v2021.1\SynplifyPro\lib\generic\smartfusion2.v (N/A, 2021-04-01 13:55:40)
1        C:\Microsemi\Libero_SoC_v2021.1\SynplifyPro\lib\vlog\hypermods.v (N/A, 2021-04-01 13:55:41)
2        C:\Microsemi\Libero_SoC_v2021.1\SynplifyPro\lib\vlog\scemi_objects.v (N/A, 2021-04-01 13:55:41)
3        C:\Microsemi\Libero_SoC_v2021.1\SynplifyPro\lib\vlog\scemi_pipes.svh (N/A, 2021-04-01 13:55:41)
4        C:\Microsemi\Libero_SoC_v2021.1\SynplifyPro\lib\vlog\umr_capim.v (N/A, 2021-04-01 13:55:41)
5        C:\tcl_update\sf2\dg0516\516_v8\DG0516_SF2_Secure_Webserver_TCP_Demo\Libero_Project\component\Actel\DirectCore\COREAHBLSRAM\2.0.113\rtl\vlog\core\AHBLSramIf.v (N/A, 2021-06-11 13:05:03)
6        C:\tcl_update\sf2\dg0516\516_v8\DG0516_SF2_Secure_Webserver_TCP_Demo\Libero_Project\component\Actel\DirectCore\CoreAHBLite\5.2.100\rtl\vlog\core\coreahblite.v (N/A, 2021-06-11 13:05:03)
7        C:\tcl_update\sf2\dg0516\516_v8\DG0516_SF2_Secure_Webserver_TCP_Demo\Libero_Project\component\Actel\DirectCore\CoreAHBLite\5.2.100\rtl\vlog\core\coreahblite_addrdec.v (N/A, 2021-06-11 13:05:03)
8        C:\tcl_update\sf2\dg0516\516_v8\DG0516_SF2_Secure_Webserver_TCP_Demo\Libero_Project\component\Actel\DirectCore\CoreAHBLite\5.2.100\rtl\vlog\core\coreahblite_defaultslavesm.v (N/A, 2021-06-11 13:05:03)
9        C:\tcl_update\sf2\dg0516\516_v8\DG0516_SF2_Secure_Webserver_TCP_Demo\Libero_Project\component\Actel\DirectCore\CoreAHBLite\5.2.100\rtl\vlog\core\coreahblite_masterstage.v (N/A, 2021-06-11 13:05:03)
10       C:\tcl_update\sf2\dg0516\516_v8\DG0516_SF2_Secure_Webserver_TCP_Demo\Libero_Project\component\Actel\DirectCore\CoreAHBLite\5.2.100\rtl\vlog\core\coreahblite_matrix4x16.v (N/A, 2021-06-11 13:05:03)
11       C:\tcl_update\sf2\dg0516\516_v8\DG0516_SF2_Secure_Webserver_TCP_Demo\Libero_Project\component\Actel\DirectCore\CoreAHBLite\5.2.100\rtl\vlog\core\coreahblite_slavearbiter.v (N/A, 2021-06-11 13:05:03)
12       C:\tcl_update\sf2\dg0516\516_v8\DG0516_SF2_Secure_Webserver_TCP_Demo\Libero_Project\component\Actel\DirectCore\CoreAHBLite\5.2.100\rtl\vlog\core\coreahblite_slavestage.v (N/A, 2021-06-11 13:05:03)
13       C:\tcl_update\sf2\dg0516\516_v8\DG0516_SF2_Secure_Webserver_TCP_Demo\Libero_Project\component\Actel\DirectCore\CoreConfigP\7.1.100\rtl\vlog\core\coreconfigp.v (N/A, 2021-06-11 13:05:03)
14       C:\tcl_update\sf2\dg0516\516_v8\DG0516_SF2_Secure_Webserver_TCP_Demo\Libero_Project\component\Actel\DirectCore\CoreResetP\7.1.100\rtl\vlog\core\coreresetp.v (N/A, 2021-06-11 13:05:03)
15       C:\tcl_update\sf2\dg0516\516_v8\DG0516_SF2_Secure_Webserver_TCP_Demo\Libero_Project\component\Actel\DirectCore\CoreResetP\7.1.100\rtl\vlog\core\coreresetp_pcie_hotreset.v (N/A, 2021-06-11 13:05:03)
16       C:\tcl_update\sf2\dg0516\516_v8\DG0516_SF2_Secure_Webserver_TCP_Demo\Libero_Project\component\Actel\SgCore\OSC\2.0.101\osc_comps.v (N/A, 2021-06-11 13:05:05)
17       C:\tcl_update\sf2\dg0516\516_v8\DG0516_SF2_Secure_Webserver_TCP_Demo\Libero_Project\component\work\Webserver_TCP_sb\CCC_0\Webserver_TCP_sb_CCC_0_FCCC.v (N/A, 2021-06-11 17:55:51)
18       C:\tcl_update\sf2\dg0516\516_v8\DG0516_SF2_Secure_Webserver_TCP_Demo\Libero_Project\component\work\Webserver_TCP_sb\COREAHBLSRAM_0_0\rtl\vlog\core\CoreAHBLSRAM.v (N/A, 2021-06-11 17:55:51)
19       C:\tcl_update\sf2\dg0516\516_v8\DG0516_SF2_Secure_Webserver_TCP_Demo\Libero_Project\component\work\Webserver_TCP_sb\COREAHBLSRAM_0_0\rtl\vlog\core\SramCtrlIf.v (N/A, 2021-06-11 17:55:51)
20       C:\tcl_update\sf2\dg0516\516_v8\DG0516_SF2_Secure_Webserver_TCP_Demo\Libero_Project\component\work\Webserver_TCP_sb\COREAHBLSRAM_0_0\rtl\vlog\core\lsram_2048to139264x8.v (N/A, 2021-06-11 17:55:51)
21       C:\tcl_update\sf2\dg0516\516_v8\DG0516_SF2_Secure_Webserver_TCP_Demo\Libero_Project\component\work\Webserver_TCP_sb\COREAHBLSRAM_0_0\rtl\vlog\core\usram_128to9216x8.v (N/A, 2021-06-11 17:55:51)
22       C:\tcl_update\sf2\dg0516\516_v8\DG0516_SF2_Secure_Webserver_TCP_Demo\Libero_Project\component\work\Webserver_TCP_sb\FABOSC_0\Webserver_TCP_sb_FABOSC_0_OSC.v (N/A, 2021-06-11 17:55:53)
23       C:\tcl_update\sf2\dg0516\516_v8\DG0516_SF2_Secure_Webserver_TCP_Demo\Libero_Project\component\work\Webserver_TCP_sb\Webserver_TCP_sb.v (N/A, 2021-06-11 17:55:53)
24       C:\tcl_update\sf2\dg0516\516_v8\DG0516_SF2_Secure_Webserver_TCP_Demo\Libero_Project\component\work\Webserver_TCP_sb_MSS\Webserver_TCP_sb_MSS.v (N/A, 2021-06-11 17:55:47)
25       C:\tcl_update\sf2\dg0516\516_v8\DG0516_SF2_Secure_Webserver_TCP_Demo\Libero_Project\component\work\Webserver_TCP_sb_MSS\Webserver_TCP_sb_MSS_syn.v (N/A, 2021-06-11 17:55:46)
26       C:\tcl_update\sf2\dg0516\516_v8\DG0516_SF2_Secure_Webserver_TCP_Demo\Libero_Project\component\work\top\FCCC_0\top_FCCC_0_FCCC.v (N/A, 2021-06-11 22:56:09)
27       C:\tcl_update\sf2\dg0516\516_v8\DG0516_SF2_Secure_Webserver_TCP_Demo\Libero_Project\component\work\top\FCCC_1\top_FCCC_1_FCCC.v (N/A, 2021-06-11 22:56:11)
28       C:\tcl_update\sf2\dg0516\516_v8\DG0516_SF2_Secure_Webserver_TCP_Demo\Libero_Project\component\work\top\SERDES_IF_0\top_SERDES_IF_0_SERDES_IF.v (N/A, 2021-06-11 22:56:15)
29       C:\tcl_update\sf2\dg0516\516_v8\DG0516_SF2_Secure_Webserver_TCP_Demo\Libero_Project\component\work\top\SERDES_IF_0\top_SERDES_IF_0_SERDES_IF_syn.v (N/A, 2021-06-11 22:56:21)
30       C:\tcl_update\sf2\dg0516\516_v8\DG0516_SF2_Secure_Webserver_TCP_Demo\Libero_Project\component\work\top\top.v (N/A, 2021-06-11 22:56:33)

*******************************************************************
Modules that may have changed as a result of file changes: 31
MID:  lib.cell.view
0        COREAHBLITE_LIB.COREAHBLITE_ADDRDEC.verilog may have changed because the following files changed:
                        C:\tcl_update\sf2\dg0516\516_v8\DG0516_SF2_Secure_Webserver_TCP_Demo\Libero_Project\component\Actel\DirectCore\CoreAHBLite\5.2.100\rtl\vlog\core\coreahblite.v (N/A, 2021-06-11 13:05:03) <-- (may instantiate this module)
                        C:\tcl_update\sf2\dg0516\516_v8\DG0516_SF2_Secure_Webserver_TCP_Demo\Libero_Project\component\Actel\DirectCore\CoreAHBLite\5.2.100\rtl\vlog\core\coreahblite_addrdec.v (N/A, 2021-06-11 13:05:03) <-- (module definition)
                        C:\tcl_update\sf2\dg0516\516_v8\DG0516_SF2_Secure_Webserver_TCP_Demo\Libero_Project\component\Actel\DirectCore\CoreAHBLite\5.2.100\rtl\vlog\core\coreahblite_masterstage.v (N/A, 2021-06-11 13:05:03) <-- (may instantiate this module)
                        C:\tcl_update\sf2\dg0516\516_v8\DG0516_SF2_Secure_Webserver_TCP_Demo\Libero_Project\component\Actel\DirectCore\CoreAHBLite\5.2.100\rtl\vlog\core\coreahblite_matrix4x16.v (N/A, 2021-06-11 13:05:03) <-- (may instantiate this module)
                        C:\tcl_update\sf2\dg0516\516_v8\DG0516_SF2_Secure_Webserver_TCP_Demo\Libero_Project\component\work\Webserver_TCP_sb\Webserver_TCP_sb.v (N/A, 2021-06-11 17:55:53) <-- (may instantiate this module)
                        C:\tcl_update\sf2\dg0516\516_v8\DG0516_SF2_Secure_Webserver_TCP_Demo\Libero_Project\component\work\top\top.v (N/A, 2021-06-11 22:56:33) <-- (may instantiate this module)
1        COREAHBLITE_LIB.COREAHBLITE_DEFAULTSLAVESM.verilog may have changed because the following files changed:
                        C:\tcl_update\sf2\dg0516\516_v8\DG0516_SF2_Secure_Webserver_TCP_Demo\Libero_Project\component\Actel\DirectCore\CoreAHBLite\5.2.100\rtl\vlog\core\coreahblite.v (N/A, 2021-06-11 13:05:03) <-- (may instantiate this module)
                        C:\tcl_update\sf2\dg0516\516_v8\DG0516_SF2_Secure_Webserver_TCP_Demo\Libero_Project\component\Actel\DirectCore\CoreAHBLite\5.2.100\rtl\vlog\core\coreahblite_defaultslavesm.v (N/A, 2021-06-11 13:05:03) <-- (module definition)
                        C:\tcl_update\sf2\dg0516\516_v8\DG0516_SF2_Secure_Webserver_TCP_Demo\Libero_Project\component\Actel\DirectCore\CoreAHBLite\5.2.100\rtl\vlog\core\coreahblite_masterstage.v (N/A, 2021-06-11 13:05:03) <-- (may instantiate this module)
                        C:\tcl_update\sf2\dg0516\516_v8\DG0516_SF2_Secure_Webserver_TCP_Demo\Libero_Project\component\Actel\DirectCore\CoreAHBLite\5.2.100\rtl\vlog\core\coreahblite_matrix4x16.v (N/A, 2021-06-11 13:05:03) <-- (may instantiate this module)
                        C:\tcl_update\sf2\dg0516\516_v8\DG0516_SF2_Secure_Webserver_TCP_Demo\Libero_Project\component\work\Webserver_TCP_sb\Webserver_TCP_sb.v (N/A, 2021-06-11 17:55:53) <-- (may instantiate this module)
                        C:\tcl_update\sf2\dg0516\516_v8\DG0516_SF2_Secure_Webserver_TCP_Demo\Libero_Project\component\work\top\top.v (N/A, 2021-06-11 22:56:33) <-- (may instantiate this module)
2        COREAHBLITE_LIB.COREAHBLITE_MASTERSTAGE.verilog may have changed because the following files changed:
                        C:\tcl_update\sf2\dg0516\516_v8\DG0516_SF2_Secure_Webserver_TCP_Demo\Libero_Project\component\Actel\DirectCore\CoreAHBLite\5.2.100\rtl\vlog\core\coreahblite.v (N/A, 2021-06-11 13:05:03) <-- (may instantiate this module)
                        C:\tcl_update\sf2\dg0516\516_v8\DG0516_SF2_Secure_Webserver_TCP_Demo\Libero_Project\component\Actel\DirectCore\CoreAHBLite\5.2.100\rtl\vlog\core\coreahblite_masterstage.v (N/A, 2021-06-11 13:05:03) <-- (module definition)
                        C:\tcl_update\sf2\dg0516\516_v8\DG0516_SF2_Secure_Webserver_TCP_Demo\Libero_Project\component\Actel\DirectCore\CoreAHBLite\5.2.100\rtl\vlog\core\coreahblite_matrix4x16.v (N/A, 2021-06-11 13:05:03) <-- (may instantiate this module)
                        C:\tcl_update\sf2\dg0516\516_v8\DG0516_SF2_Secure_Webserver_TCP_Demo\Libero_Project\component\work\Webserver_TCP_sb\Webserver_TCP_sb.v (N/A, 2021-06-11 17:55:53) <-- (may instantiate this module)
                        C:\tcl_update\sf2\dg0516\516_v8\DG0516_SF2_Secure_Webserver_TCP_Demo\Libero_Project\component\work\top\top.v (N/A, 2021-06-11 22:56:33) <-- (may instantiate this module)
3        COREAHBLITE_LIB.COREAHBLITE_MATRIX4X16.verilog may have changed because the following files changed:
                        C:\tcl_update\sf2\dg0516\516_v8\DG0516_SF2_Secure_Webserver_TCP_Demo\Libero_Project\component\Actel\DirectCore\CoreAHBLite\5.2.100\rtl\vlog\core\coreahblite.v (N/A, 2021-06-11 13:05:03) <-- (may instantiate this module)
                        C:\tcl_update\sf2\dg0516\516_v8\DG0516_SF2_Secure_Webserver_TCP_Demo\Libero_Project\component\Actel\DirectCore\CoreAHBLite\5.2.100\rtl\vlog\core\coreahblite_matrix4x16.v (N/A, 2021-06-11 13:05:03) <-- (module definition)
                        C:\tcl_update\sf2\dg0516\516_v8\DG0516_SF2_Secure_Webserver_TCP_Demo\Libero_Project\component\work\Webserver_TCP_sb\Webserver_TCP_sb.v (N/A, 2021-06-11 17:55:53) <-- (may instantiate this module)
                        C:\tcl_update\sf2\dg0516\516_v8\DG0516_SF2_Secure_Webserver_TCP_Demo\Libero_Project\component\work\top\top.v (N/A, 2021-06-11 22:56:33) <-- (may instantiate this module)
4        COREAHBLITE_LIB.COREAHBLITE_SLAVEARBITER.verilog may have changed because the following files changed:
                        C:\tcl_update\sf2\dg0516\516_v8\DG0516_SF2_Secure_Webserver_TCP_Demo\Libero_Project\component\Actel\DirectCore\CoreAHBLite\5.2.100\rtl\vlog\core\coreahblite.v (N/A, 2021-06-11 13:05:03) <-- (may instantiate this module)
                        C:\tcl_update\sf2\dg0516\516_v8\DG0516_SF2_Secure_Webserver_TCP_Demo\Libero_Project\component\Actel\DirectCore\CoreAHBLite\5.2.100\rtl\vlog\core\coreahblite_matrix4x16.v (N/A, 2021-06-11 13:05:03) <-- (may instantiate this module)
                        C:\tcl_update\sf2\dg0516\516_v8\DG0516_SF2_Secure_Webserver_TCP_Demo\Libero_Project\component\Actel\DirectCore\CoreAHBLite\5.2.100\rtl\vlog\core\coreahblite_slavearbiter.v (N/A, 2021-06-11 13:05:03) <-- (module definition)
                        C:\tcl_update\sf2\dg0516\516_v8\DG0516_SF2_Secure_Webserver_TCP_Demo\Libero_Project\component\Actel\DirectCore\CoreAHBLite\5.2.100\rtl\vlog\core\coreahblite_slavestage.v (N/A, 2021-06-11 13:05:03) <-- (may instantiate this module)
                        C:\tcl_update\sf2\dg0516\516_v8\DG0516_SF2_Secure_Webserver_TCP_Demo\Libero_Project\component\work\Webserver_TCP_sb\Webserver_TCP_sb.v (N/A, 2021-06-11 17:55:53) <-- (may instantiate this module)
                        C:\tcl_update\sf2\dg0516\516_v8\DG0516_SF2_Secure_Webserver_TCP_Demo\Libero_Project\component\work\top\top.v (N/A, 2021-06-11 22:56:33) <-- (may instantiate this module)
5        COREAHBLITE_LIB.COREAHBLITE_SLAVESTAGE.verilog may have changed because the following files changed:
                        C:\tcl_update\sf2\dg0516\516_v8\DG0516_SF2_Secure_Webserver_TCP_Demo\Libero_Project\component\Actel\DirectCore\CoreAHBLite\5.2.100\rtl\vlog\core\coreahblite.v (N/A, 2021-06-11 13:05:03) <-- (may instantiate this module)
                        C:\tcl_update\sf2\dg0516\516_v8\DG0516_SF2_Secure_Webserver_TCP_Demo\Libero_Project\component\Actel\DirectCore\CoreAHBLite\5.2.100\rtl\vlog\core\coreahblite_matrix4x16.v (N/A, 2021-06-11 13:05:03) <-- (may instantiate this module)
                        C:\tcl_update\sf2\dg0516\516_v8\DG0516_SF2_Secure_Webserver_TCP_Demo\Libero_Project\component\Actel\DirectCore\CoreAHBLite\5.2.100\rtl\vlog\core\coreahblite_slavestage.v (N/A, 2021-06-11 13:05:03) <-- (module definition)
                        C:\tcl_update\sf2\dg0516\516_v8\DG0516_SF2_Secure_Webserver_TCP_Demo\Libero_Project\component\work\Webserver_TCP_sb\Webserver_TCP_sb.v (N/A, 2021-06-11 17:55:53) <-- (may instantiate this module)
                        C:\tcl_update\sf2\dg0516\516_v8\DG0516_SF2_Secure_Webserver_TCP_Demo\Libero_Project\component\work\top\top.v (N/A, 2021-06-11 22:56:33) <-- (may instantiate this module)
6        COREAHBLITE_LIB.CoreAHBLite.verilog may have changed because the following files changed:
                        C:\tcl_update\sf2\dg0516\516_v8\DG0516_SF2_Secure_Webserver_TCP_Demo\Libero_Project\component\Actel\DirectCore\CoreAHBLite\5.2.100\rtl\vlog\core\coreahblite.v (N/A, 2021-06-11 13:05:03) <-- (module definition)
                        C:\tcl_update\sf2\dg0516\516_v8\DG0516_SF2_Secure_Webserver_TCP_Demo\Libero_Project\component\work\Webserver_TCP_sb\Webserver_TCP_sb.v (N/A, 2021-06-11 17:55:53) <-- (may instantiate this module)
                        C:\tcl_update\sf2\dg0516\516_v8\DG0516_SF2_Secure_Webserver_TCP_Demo\Libero_Project\component\work\top\top.v (N/A, 2021-06-11 22:56:33) <-- (may instantiate this module)
7        COREAHBLSRAM_LIB.AHBLSramIf.verilog may have changed because the following files changed:
                        C:\tcl_update\sf2\dg0516\516_v8\DG0516_SF2_Secure_Webserver_TCP_Demo\Libero_Project\component\Actel\DirectCore\COREAHBLSRAM\2.0.113\rtl\vlog\core\AHBLSramIf.v (N/A, 2021-06-11 13:05:03) <-- (module definition)
                        C:\tcl_update\sf2\dg0516\516_v8\DG0516_SF2_Secure_Webserver_TCP_Demo\Libero_Project\component\work\Webserver_TCP_sb\COREAHBLSRAM_0_0\rtl\vlog\core\CoreAHBLSRAM.v (N/A, 2021-06-11 17:55:51) <-- (may instantiate this module)
                        C:\tcl_update\sf2\dg0516\516_v8\DG0516_SF2_Secure_Webserver_TCP_Demo\Libero_Project\component\work\Webserver_TCP_sb\Webserver_TCP_sb.v (N/A, 2021-06-11 17:55:53) <-- (may instantiate this module)
                        C:\tcl_update\sf2\dg0516\516_v8\DG0516_SF2_Secure_Webserver_TCP_Demo\Libero_Project\component\work\top\top.v (N/A, 2021-06-11 22:56:33) <-- (may instantiate this module)
8        COREAHBLSRAM_LIB.Webserver_TCP_sb_COREAHBLSRAM_0_0_COREAHBLSRAM.verilog may have changed because the following files changed:
                        C:\tcl_update\sf2\dg0516\516_v8\DG0516_SF2_Secure_Webserver_TCP_Demo\Libero_Project\component\work\Webserver_TCP_sb\COREAHBLSRAM_0_0\rtl\vlog\core\CoreAHBLSRAM.v (N/A, 2021-06-11 17:55:51) <-- (module definition)
                        C:\tcl_update\sf2\dg0516\516_v8\DG0516_SF2_Secure_Webserver_TCP_Demo\Libero_Project\component\work\Webserver_TCP_sb\Webserver_TCP_sb.v (N/A, 2021-06-11 17:55:53) <-- (may instantiate this module)
                        C:\tcl_update\sf2\dg0516\516_v8\DG0516_SF2_Secure_Webserver_TCP_Demo\Libero_Project\component\work\top\top.v (N/A, 2021-06-11 22:56:33) <-- (may instantiate this module)
9        COREAHBLSRAM_LIB.Webserver_TCP_sb_COREAHBLSRAM_0_0_SramCtrlIf.verilog may have changed because the following files changed:
                        C:\tcl_update\sf2\dg0516\516_v8\DG0516_SF2_Secure_Webserver_TCP_Demo\Libero_Project\component\work\Webserver_TCP_sb\COREAHBLSRAM_0_0\rtl\vlog\core\CoreAHBLSRAM.v (N/A, 2021-06-11 17:55:51) <-- (may instantiate this module)
                        C:\tcl_update\sf2\dg0516\516_v8\DG0516_SF2_Secure_Webserver_TCP_Demo\Libero_Project\component\work\Webserver_TCP_sb\COREAHBLSRAM_0_0\rtl\vlog\core\SramCtrlIf.v (N/A, 2021-06-11 17:55:51) <-- (module definition)
                        C:\tcl_update\sf2\dg0516\516_v8\DG0516_SF2_Secure_Webserver_TCP_Demo\Libero_Project\component\work\Webserver_TCP_sb\Webserver_TCP_sb.v (N/A, 2021-06-11 17:55:53) <-- (may instantiate this module)
                        C:\tcl_update\sf2\dg0516\516_v8\DG0516_SF2_Secure_Webserver_TCP_Demo\Libero_Project\component\work\top\top.v (N/A, 2021-06-11 22:56:33) <-- (may instantiate this module)
10       COREAHBLSRAM_LIB.Webserver_TCP_sb_COREAHBLSRAM_0_0_lsram_2048to139264x8.verilog may have changed because the following files changed:
                        C:\tcl_update\sf2\dg0516\516_v8\DG0516_SF2_Secure_Webserver_TCP_Demo\Libero_Project\component\work\Webserver_TCP_sb\COREAHBLSRAM_0_0\rtl\vlog\core\CoreAHBLSRAM.v (N/A, 2021-06-11 17:55:51) <-- (may instantiate this module)
                        C:\tcl_update\sf2\dg0516\516_v8\DG0516_SF2_Secure_Webserver_TCP_Demo\Libero_Project\component\work\Webserver_TCP_sb\COREAHBLSRAM_0_0\rtl\vlog\core\SramCtrlIf.v (N/A, 2021-06-11 17:55:51) <-- (may instantiate this module)
                        C:\tcl_update\sf2\dg0516\516_v8\DG0516_SF2_Secure_Webserver_TCP_Demo\Libero_Project\component\work\Webserver_TCP_sb\COREAHBLSRAM_0_0\rtl\vlog\core\lsram_2048to139264x8.v (N/A, 2021-06-11 17:55:51) <-- (module definition)
                        C:\tcl_update\sf2\dg0516\516_v8\DG0516_SF2_Secure_Webserver_TCP_Demo\Libero_Project\component\work\Webserver_TCP_sb\Webserver_TCP_sb.v (N/A, 2021-06-11 17:55:53) <-- (may instantiate this module)
                        C:\tcl_update\sf2\dg0516\516_v8\DG0516_SF2_Secure_Webserver_TCP_Demo\Libero_Project\component\work\top\top.v (N/A, 2021-06-11 22:56:33) <-- (may instantiate this module)
11       COREAHBLSRAM_LIB.Webserver_TCP_sb_COREAHBLSRAM_0_0_usram_128to9216x8.verilog may have changed because the following files changed:
                        C:\tcl_update\sf2\dg0516\516_v8\DG0516_SF2_Secure_Webserver_TCP_Demo\Libero_Project\component\work\Webserver_TCP_sb\COREAHBLSRAM_0_0\rtl\vlog\core\CoreAHBLSRAM.v (N/A, 2021-06-11 17:55:51) <-- (may instantiate this module)
                        C:\tcl_update\sf2\dg0516\516_v8\DG0516_SF2_Secure_Webserver_TCP_Demo\Libero_Project\component\work\Webserver_TCP_sb\COREAHBLSRAM_0_0\rtl\vlog\core\SramCtrlIf.v (N/A, 2021-06-11 17:55:51) <-- (may instantiate this module)
                        C:\tcl_update\sf2\dg0516\516_v8\DG0516_SF2_Secure_Webserver_TCP_Demo\Libero_Project\component\work\Webserver_TCP_sb\COREAHBLSRAM_0_0\rtl\vlog\core\usram_128to9216x8.v (N/A, 2021-06-11 17:55:51) <-- (module definition)
                        C:\tcl_update\sf2\dg0516\516_v8\DG0516_SF2_Secure_Webserver_TCP_Demo\Libero_Project\component\work\Webserver_TCP_sb\Webserver_TCP_sb.v (N/A, 2021-06-11 17:55:53) <-- (may instantiate this module)
                        C:\tcl_update\sf2\dg0516\516_v8\DG0516_SF2_Secure_Webserver_TCP_Demo\Libero_Project\component\work\top\top.v (N/A, 2021-06-11 22:56:33) <-- (may instantiate this module)
12       work.CoreConfigP.verilog may have changed because the following files changed:
                        C:\tcl_update\sf2\dg0516\516_v8\DG0516_SF2_Secure_Webserver_TCP_Demo\Libero_Project\component\Actel\DirectCore\CoreConfigP\7.1.100\rtl\vlog\core\coreconfigp.v (N/A, 2021-06-11 13:05:03) <-- (module definition)
                        C:\tcl_update\sf2\dg0516\516_v8\DG0516_SF2_Secure_Webserver_TCP_Demo\Libero_Project\component\work\Webserver_TCP_sb\Webserver_TCP_sb.v (N/A, 2021-06-11 17:55:53) <-- (may instantiate this module)
                        C:\tcl_update\sf2\dg0516\516_v8\DG0516_SF2_Secure_Webserver_TCP_Demo\Libero_Project\component\work\top\top.v (N/A, 2021-06-11 22:56:33) <-- (may instantiate this module)
13       work.CoreResetP.verilog may have changed because the following files changed:
                        C:\tcl_update\sf2\dg0516\516_v8\DG0516_SF2_Secure_Webserver_TCP_Demo\Libero_Project\component\Actel\DirectCore\CoreResetP\7.1.100\rtl\vlog\core\coreresetp.v (N/A, 2021-06-11 13:05:03) <-- (module definition)
                        C:\tcl_update\sf2\dg0516\516_v8\DG0516_SF2_Secure_Webserver_TCP_Demo\Libero_Project\component\work\Webserver_TCP_sb\Webserver_TCP_sb.v (N/A, 2021-06-11 17:55:53) <-- (may instantiate this module)
                        C:\tcl_update\sf2\dg0516\516_v8\DG0516_SF2_Secure_Webserver_TCP_Demo\Libero_Project\component\work\top\top.v (N/A, 2021-06-11 22:56:33) <-- (may instantiate this module)
14       work.MSS_120.verilog may have changed because the following files changed:
                        C:\tcl_update\sf2\dg0516\516_v8\DG0516_SF2_Secure_Webserver_TCP_Demo\Libero_Project\component\work\Webserver_TCP_sb\Webserver_TCP_sb.v (N/A, 2021-06-11 17:55:53) <-- (may instantiate this module)
                        C:\tcl_update\sf2\dg0516\516_v8\DG0516_SF2_Secure_Webserver_TCP_Demo\Libero_Project\component\work\Webserver_TCP_sb_MSS\Webserver_TCP_sb_MSS.v (N/A, 2021-06-11 17:55:47) <-- (may instantiate this module)
                        C:\tcl_update\sf2\dg0516\516_v8\DG0516_SF2_Secure_Webserver_TCP_Demo\Libero_Project\component\work\Webserver_TCP_sb_MSS\Webserver_TCP_sb_MSS_syn.v (N/A, 2021-06-11 17:55:46) <-- (module definition)
                        C:\tcl_update\sf2\dg0516\516_v8\DG0516_SF2_Secure_Webserver_TCP_Demo\Libero_Project\component\work\top\top.v (N/A, 2021-06-11 22:56:33) <-- (may instantiate this module)
15       work.RCOSC_1MHZ.verilog may have changed because the following files changed:
                        C:\tcl_update\sf2\dg0516\516_v8\DG0516_SF2_Secure_Webserver_TCP_Demo\Libero_Project\component\Actel\SgCore\OSC\2.0.101\osc_comps.v (N/A, 2021-06-11 13:05:05) <-- (module definition)
                        C:\tcl_update\sf2\dg0516\516_v8\DG0516_SF2_Secure_Webserver_TCP_Demo\Libero_Project\component\work\Webserver_TCP_sb\FABOSC_0\Webserver_TCP_sb_FABOSC_0_OSC.v (N/A, 2021-06-11 17:55:53) <-- (may instantiate this module)
                        C:\tcl_update\sf2\dg0516\516_v8\DG0516_SF2_Secure_Webserver_TCP_Demo\Libero_Project\component\work\Webserver_TCP_sb\Webserver_TCP_sb.v (N/A, 2021-06-11 17:55:53) <-- (may instantiate this module)
                        C:\tcl_update\sf2\dg0516\516_v8\DG0516_SF2_Secure_Webserver_TCP_Demo\Libero_Project\component\work\top\top.v (N/A, 2021-06-11 22:56:33) <-- (may instantiate this module)
16       work.RCOSC_1MHZ_FAB.verilog may have changed because the following files changed:
                        C:\tcl_update\sf2\dg0516\516_v8\DG0516_SF2_Secure_Webserver_TCP_Demo\Libero_Project\component\Actel\SgCore\OSC\2.0.101\osc_comps.v (N/A, 2021-06-11 13:05:05) <-- (module definition)
                        C:\tcl_update\sf2\dg0516\516_v8\DG0516_SF2_Secure_Webserver_TCP_Demo\Libero_Project\component\work\Webserver_TCP_sb\FABOSC_0\Webserver_TCP_sb_FABOSC_0_OSC.v (N/A, 2021-06-11 17:55:53) <-- (may instantiate this module)
                        C:\tcl_update\sf2\dg0516\516_v8\DG0516_SF2_Secure_Webserver_TCP_Demo\Libero_Project\component\work\Webserver_TCP_sb\Webserver_TCP_sb.v (N/A, 2021-06-11 17:55:53) <-- (may instantiate this module)
                        C:\tcl_update\sf2\dg0516\516_v8\DG0516_SF2_Secure_Webserver_TCP_Demo\Libero_Project\component\work\top\top.v (N/A, 2021-06-11 22:56:33) <-- (may instantiate this module)
17       work.RCOSC_25_50MHZ.verilog may have changed because the following files changed:
                        C:\tcl_update\sf2\dg0516\516_v8\DG0516_SF2_Secure_Webserver_TCP_Demo\Libero_Project\component\Actel\SgCore\OSC\2.0.101\osc_comps.v (N/A, 2021-06-11 13:05:05) <-- (module definition)
                        C:\tcl_update\sf2\dg0516\516_v8\DG0516_SF2_Secure_Webserver_TCP_Demo\Libero_Project\component\work\Webserver_TCP_sb\FABOSC_0\Webserver_TCP_sb_FABOSC_0_OSC.v (N/A, 2021-06-11 17:55:53) <-- (may instantiate this module)
                        C:\tcl_update\sf2\dg0516\516_v8\DG0516_SF2_Secure_Webserver_TCP_Demo\Libero_Project\component\work\Webserver_TCP_sb\Webserver_TCP_sb.v (N/A, 2021-06-11 17:55:53) <-- (may instantiate this module)
                        C:\tcl_update\sf2\dg0516\516_v8\DG0516_SF2_Secure_Webserver_TCP_Demo\Libero_Project\component\work\top\top.v (N/A, 2021-06-11 22:56:33) <-- (may instantiate this module)
18       work.RCOSC_25_50MHZ_FAB.verilog may have changed because the following files changed:
                        C:\tcl_update\sf2\dg0516\516_v8\DG0516_SF2_Secure_Webserver_TCP_Demo\Libero_Project\component\Actel\SgCore\OSC\2.0.101\osc_comps.v (N/A, 2021-06-11 13:05:05) <-- (module definition)
                        C:\tcl_update\sf2\dg0516\516_v8\DG0516_SF2_Secure_Webserver_TCP_Demo\Libero_Project\component\work\Webserver_TCP_sb\FABOSC_0\Webserver_TCP_sb_FABOSC_0_OSC.v (N/A, 2021-06-11 17:55:53) <-- (may instantiate this module)
                        C:\tcl_update\sf2\dg0516\516_v8\DG0516_SF2_Secure_Webserver_TCP_Demo\Libero_Project\component\work\Webserver_TCP_sb\Webserver_TCP_sb.v (N/A, 2021-06-11 17:55:53) <-- (may instantiate this module)
                        C:\tcl_update\sf2\dg0516\516_v8\DG0516_SF2_Secure_Webserver_TCP_Demo\Libero_Project\component\work\top\top.v (N/A, 2021-06-11 22:56:33) <-- (may instantiate this module)
19       work.SERDESIF_120_3.verilog may have changed because the following files changed:
                        C:\tcl_update\sf2\dg0516\516_v8\DG0516_SF2_Secure_Webserver_TCP_Demo\Libero_Project\component\work\top\SERDES_IF_0\top_SERDES_IF_0_SERDES_IF.v (N/A, 2021-06-11 22:56:15) <-- (may instantiate this module)
                        C:\tcl_update\sf2\dg0516\516_v8\DG0516_SF2_Secure_Webserver_TCP_Demo\Libero_Project\component\work\top\SERDES_IF_0\top_SERDES_IF_0_SERDES_IF_syn.v (N/A, 2021-06-11 22:56:21) <-- (module definition)
                        C:\tcl_update\sf2\dg0516\516_v8\DG0516_SF2_Secure_Webserver_TCP_Demo\Libero_Project\component\work\top\top.v (N/A, 2021-06-11 22:56:33) <-- (may instantiate this module)
20       work.Webserver_TCP_sb.verilog may have changed because the following files changed:
                        C:\tcl_update\sf2\dg0516\516_v8\DG0516_SF2_Secure_Webserver_TCP_Demo\Libero_Project\component\work\Webserver_TCP_sb\Webserver_TCP_sb.v (N/A, 2021-06-11 17:55:53) <-- (module definition)
                        C:\tcl_update\sf2\dg0516\516_v8\DG0516_SF2_Secure_Webserver_TCP_Demo\Libero_Project\component\work\top\top.v (N/A, 2021-06-11 22:56:33) <-- (may instantiate this module)
21       work.Webserver_TCP_sb_CCC_0_FCCC.verilog may have changed because the following files changed:
                        C:\tcl_update\sf2\dg0516\516_v8\DG0516_SF2_Secure_Webserver_TCP_Demo\Libero_Project\component\work\Webserver_TCP_sb\CCC_0\Webserver_TCP_sb_CCC_0_FCCC.v (N/A, 2021-06-11 17:55:51) <-- (module definition)
                        C:\tcl_update\sf2\dg0516\516_v8\DG0516_SF2_Secure_Webserver_TCP_Demo\Libero_Project\component\work\Webserver_TCP_sb\Webserver_TCP_sb.v (N/A, 2021-06-11 17:55:53) <-- (may instantiate this module)
                        C:\tcl_update\sf2\dg0516\516_v8\DG0516_SF2_Secure_Webserver_TCP_Demo\Libero_Project\component\work\top\top.v (N/A, 2021-06-11 22:56:33) <-- (may instantiate this module)
22       work.Webserver_TCP_sb_FABOSC_0_OSC.verilog may have changed because the following files changed:
                        C:\tcl_update\sf2\dg0516\516_v8\DG0516_SF2_Secure_Webserver_TCP_Demo\Libero_Project\component\work\Webserver_TCP_sb\FABOSC_0\Webserver_TCP_sb_FABOSC_0_OSC.v (N/A, 2021-06-11 17:55:53) <-- (module definition)
                        C:\tcl_update\sf2\dg0516\516_v8\DG0516_SF2_Secure_Webserver_TCP_Demo\Libero_Project\component\work\Webserver_TCP_sb\Webserver_TCP_sb.v (N/A, 2021-06-11 17:55:53) <-- (may instantiate this module)
                        C:\tcl_update\sf2\dg0516\516_v8\DG0516_SF2_Secure_Webserver_TCP_Demo\Libero_Project\component\work\top\top.v (N/A, 2021-06-11 22:56:33) <-- (may instantiate this module)
23       work.Webserver_TCP_sb_MSS.verilog may have changed because the following files changed:
                        C:\tcl_update\sf2\dg0516\516_v8\DG0516_SF2_Secure_Webserver_TCP_Demo\Libero_Project\component\work\Webserver_TCP_sb\Webserver_TCP_sb.v (N/A, 2021-06-11 17:55:53) <-- (may instantiate this module)
                        C:\tcl_update\sf2\dg0516\516_v8\DG0516_SF2_Secure_Webserver_TCP_Demo\Libero_Project\component\work\Webserver_TCP_sb_MSS\Webserver_TCP_sb_MSS.v (N/A, 2021-06-11 17:55:47) <-- (module definition)
                        C:\tcl_update\sf2\dg0516\516_v8\DG0516_SF2_Secure_Webserver_TCP_Demo\Libero_Project\component\work\top\top.v (N/A, 2021-06-11 22:56:33) <-- (may instantiate this module)
24       work.XTLOSC.verilog may have changed because the following files changed:
                        C:\tcl_update\sf2\dg0516\516_v8\DG0516_SF2_Secure_Webserver_TCP_Demo\Libero_Project\component\Actel\SgCore\OSC\2.0.101\osc_comps.v (N/A, 2021-06-11 13:05:05) <-- (module definition)
                        C:\tcl_update\sf2\dg0516\516_v8\DG0516_SF2_Secure_Webserver_TCP_Demo\Libero_Project\component\work\Webserver_TCP_sb\FABOSC_0\Webserver_TCP_sb_FABOSC_0_OSC.v (N/A, 2021-06-11 17:55:53) <-- (may instantiate this module)
                        C:\tcl_update\sf2\dg0516\516_v8\DG0516_SF2_Secure_Webserver_TCP_Demo\Libero_Project\component\work\Webserver_TCP_sb\Webserver_TCP_sb.v (N/A, 2021-06-11 17:55:53) <-- (may instantiate this module)
                        C:\tcl_update\sf2\dg0516\516_v8\DG0516_SF2_Secure_Webserver_TCP_Demo\Libero_Project\component\work\top\top.v (N/A, 2021-06-11 22:56:33) <-- (may instantiate this module)
25       work.XTLOSC_FAB.verilog may have changed because the following files changed:
                        C:\tcl_update\sf2\dg0516\516_v8\DG0516_SF2_Secure_Webserver_TCP_Demo\Libero_Project\component\Actel\SgCore\OSC\2.0.101\osc_comps.v (N/A, 2021-06-11 13:05:05) <-- (module definition)
                        C:\tcl_update\sf2\dg0516\516_v8\DG0516_SF2_Secure_Webserver_TCP_Demo\Libero_Project\component\work\Webserver_TCP_sb\FABOSC_0\Webserver_TCP_sb_FABOSC_0_OSC.v (N/A, 2021-06-11 17:55:53) <-- (may instantiate this module)
                        C:\tcl_update\sf2\dg0516\516_v8\DG0516_SF2_Secure_Webserver_TCP_Demo\Libero_Project\component\work\Webserver_TCP_sb\Webserver_TCP_sb.v (N/A, 2021-06-11 17:55:53) <-- (may instantiate this module)
                        C:\tcl_update\sf2\dg0516\516_v8\DG0516_SF2_Secure_Webserver_TCP_Demo\Libero_Project\component\work\top\top.v (N/A, 2021-06-11 22:56:33) <-- (may instantiate this module)
26       work.coreresetp_pcie_hotreset.verilog may have changed because the following files changed:
                        C:\tcl_update\sf2\dg0516\516_v8\DG0516_SF2_Secure_Webserver_TCP_Demo\Libero_Project\component\Actel\DirectCore\CoreResetP\7.1.100\rtl\vlog\core\coreresetp.v (N/A, 2021-06-11 13:05:03) <-- (may instantiate this module)
                        C:\tcl_update\sf2\dg0516\516_v8\DG0516_SF2_Secure_Webserver_TCP_Demo\Libero_Project\component\Actel\DirectCore\CoreResetP\7.1.100\rtl\vlog\core\coreresetp_pcie_hotreset.v (N/A, 2021-06-11 13:05:03) <-- (module definition)
                        C:\tcl_update\sf2\dg0516\516_v8\DG0516_SF2_Secure_Webserver_TCP_Demo\Libero_Project\component\work\Webserver_TCP_sb\Webserver_TCP_sb.v (N/A, 2021-06-11 17:55:53) <-- (may instantiate this module)
                        C:\tcl_update\sf2\dg0516\516_v8\DG0516_SF2_Secure_Webserver_TCP_Demo\Libero_Project\component\work\top\top.v (N/A, 2021-06-11 22:56:33) <-- (may instantiate this module)
27       work.top.verilog may have changed because the following files changed:
                        C:\tcl_update\sf2\dg0516\516_v8\DG0516_SF2_Secure_Webserver_TCP_Demo\Libero_Project\component\work\top\top.v (N/A, 2021-06-11 22:56:33) <-- (module definition)
28       work.top_FCCC_0_FCCC.verilog may have changed because the following files changed:
                        C:\tcl_update\sf2\dg0516\516_v8\DG0516_SF2_Secure_Webserver_TCP_Demo\Libero_Project\component\work\top\FCCC_0\top_FCCC_0_FCCC.v (N/A, 2021-06-11 22:56:09) <-- (module definition)
                        C:\tcl_update\sf2\dg0516\516_v8\DG0516_SF2_Secure_Webserver_TCP_Demo\Libero_Project\component\work\top\top.v (N/A, 2021-06-11 22:56:33) <-- (may instantiate this module)
29       work.top_FCCC_1_FCCC.verilog may have changed because the following files changed:
                        C:\tcl_update\sf2\dg0516\516_v8\DG0516_SF2_Secure_Webserver_TCP_Demo\Libero_Project\component\work\top\FCCC_1\top_FCCC_1_FCCC.v (N/A, 2021-06-11 22:56:11) <-- (module definition)
                        C:\tcl_update\sf2\dg0516\516_v8\DG0516_SF2_Secure_Webserver_TCP_Demo\Libero_Project\component\work\top\top.v (N/A, 2021-06-11 22:56:33) <-- (may instantiate this module)
30       work.top_SERDES_IF_0_SERDES_IF.verilog may have changed because the following files changed:
                        C:\tcl_update\sf2\dg0516\516_v8\DG0516_SF2_Secure_Webserver_TCP_Demo\Libero_Project\component\work\top\SERDES_IF_0\top_SERDES_IF_0_SERDES_IF.v (N/A, 2021-06-11 22:56:15) <-- (module definition)
                        C:\tcl_update\sf2\dg0516\516_v8\DG0516_SF2_Secure_Webserver_TCP_Demo\Libero_Project\component\work\top\top.v (N/A, 2021-06-11 22:56:33) <-- (may instantiate this module)

*******************************************************************
Unmodified files: 0
FID:  path (timestamp)

*******************************************************************
Unchanged modules: 0
MID:  lib.cell.view
